// Jest Snapshot v1, https://goo.gl/fbAQLP

exports[`enum generation 1`] = `
{
  "enums": {
    "Language": [
      "Typescript",
      "Javascript",
      "Rust",
      "Go",
      "Python",
      "Cpp",
    ],
    "NotificationType": [
      "newPosts",
      "newComments",
      "newFollowers",
      "reply",
      "heartOnPost",
      "heartOnComment",
      "heartOnReply",
    ],
    "State": [
      "Active",
      "Pending",
      "Banned",
    ],
  },
  "models": {
    "User": [
      {
        "name": "id",
        "type": "Int",
      },
      {
        "name": "email",
        "type": "String",
      },
      {
        "name": "name",
        "type": "String",
      },
    ],
  },
  "operations": {
    "User": {
      "aggregate": "aggregateUser",
      "createMany": "createManyUser",
      "createOne": "createOneUser",
      "deleteMany": "deleteManyUser",
      "deleteOne": "deleteOneUser",
      "findFirst": "findFirstUser",
      "findFirstOrThrow": "findFirstUserOrThrow",
      "findMany": "findManyUser",
      "findUnique": "findUniqueUser",
      "findUniqueOrThrow": "findUniqueUserOrThrow",
      "groupBy": "groupByUser",
      "updateMany": "updateManyUser",
      "updateOne": "updateOneUser",
      "upsertOne": "upsertOneUser",
    },
  },
}
`;
